Epoch 001 | train NLL -1.559722 | val NLL -1.929893
Epoch 010 | train NLL -1.880998 | val NLL -1.930614
Epoch 020 | train NLL -1.885496 | val NLL -1.930695
Epoch 030 | train NLL -1.887722 | val NLL -1.930771
Early stopping at epoch 33, best val NLL = -1.932797

========== Long-only trading backtest ==========
Rule: invest next day when predicted log return > 0; otherwise hold cash
Assumptions: no fees, slippage, taxes, or position-size limits
Strategy cumulative return: 3.17%
Strategy annualized return: 3.54%
Invested days: 1035483/1246342
Position changes: 152649
Buy-and-hold cumulative return: 0.56%
Buy-and-hold annualized return: 0.63%
Device: cuda
Files: 5571 | valid rows: 6331158 | invalid rows: 5574
Train samples: 4330353 | validation samples: 477387 | test samples: 1246342

========== Test likelihood comparison ==========
CNN-LSTM average NLL: -1.871436
AR(10) average NLL: -2.004858
CNN-LSTM total logL: 2332449.7500
AR total logL: 2498738.6463
Reference LR: -332577.7926

========== Ljung-Box residual test ==========
CNN-LSTM residuals:
        lb_stat  lb_pvalue
10  5754.131088        0.0
20  8276.216879        0.0

AR residuals:
         lb_stat  lb_pvalue
10   6922.107847        0.0
20  10051.458898        0.0
